// Jest Snapshot v1, https://goo.gl/fbAQLP

exports[`test for AddCategory component should show component correctly 1`] = `
<form
  onSubmit={[Function]}
>
  <input
    onChange={[Function]}
    placeholder="Search yours GIFs..."
    type="text"
    value=""
  />
</form>
`;
